// Jest Snapshot v1, https://goo.gl/fbAQLP

exports[`SelectContainer render should render a select component with options 1`] = `
<Select
  onChange={[MockFunction]}
  options={
    Array [
      Object {
        "label": "Last created",
        "value": "createdAt",
      },
      Object {
        "label": "Last edited",
        "value": "updatedAt",
      },
    ]
  }
  value="createdAt"
/>
`;
