// Jest Snapshot v1, https://goo.gl/fbAQLP

exports[`AllNotesContainer Integration Test should render AllNotes component with children 1`] = `
<Provider
  store={
    Object {
      "clearActions": [Function],
      "dispatch": [Function],
      "getActions": [Function],
      "getState": [Function],
      "replaceReducer": [Function],
      "subscribe": [Function],
    }
  }
>
  <Connect(AllNotesContainer)>
    <AllNotesContainer
      deleteNote={[Function]}
      getNotes={[Function]}
      notes={Array []}
      showDeleteNoteConfirmationModal={[Function]}
    >
      <AllNotes
        confirmDelete={[Function]}
        data={Array []}
      >
        <div
          className="container-fluid"
        >
          <div
            className="row"
          />
        </div>
      </AllNotes>
    </AllNotesContainer>
  </Connect(AllNotesContainer)>
</Provider>
`;
