// Jest Snapshot v1, https://goo.gl/fbAQLP

exports[`NoteFormContainer render should render a form with fields 1`] = `
<form
  className="note-editor-form ui form error form"
  onSubmit={[Function]}
>
  <Field
    component={[Function]}
    label="Enter Note Title..."
    name="title"
  />
  <Field
    component={[Function]}
    label="Enter Note Body..."
    name="body"
  />
  <button
    className="ui right floated button"
  >
    Submit
  </button>
  <Link
    replace={false}
    to="/"
  >
    <button
      className="ui button"
    >
      Cancel
    </button>
  </Link>
</form>
`;
