// Jest Snapshot v1, https://goo.gl/fbAQLP

exports[`StatusMessage render should render a component with a title and body 1`] = `
<Fragment>
  <h1>
    Status message title
  </h1>
  Status message body
  <button
    className="modalButton ui inverted red button"
  >
    Close
  </button>
</Fragment>
`;
