// Jest Snapshot v1, https://goo.gl/fbAQLP

exports[`DeleteNote render should render ConfirmationMessage with title, body 1`] = `
<ConfirmationMessage
  accept={
    Object {
      "label": "DELETE",
      "onClick": [MockFunction],
    }
  }
  body="Hello world"
  decline={
    Object {
      "label": "CANCEL",
      "onClick": [MockFunction],
    }
  }
  title="Are you sure you want to delete your note"
/>
`;
